// Jest Snapshot v1, https://goo.gl/fbAQLP

exports[`should render List Tweets Page correctly 1`] = `null`;
