// Jest Snapshot v1, https://goo.gl/fbAQLP

exports[`should render Membership Page correctly 1`] = `
<div>
  <h4>
    Membered lists
  </h4>
</div>
`;
